[backblue.gif]
[fade.gif]
[index.html]
[demonhahang1.web30s.vn/datafiles/4290/upload/images/14774645692679_logo.png]
[cdn.web30s.vn/js/jquery-1.8.2.min.js]
[cdn.web30s.vn/css/jquery.mCustomScrollbar.css]
[cdn.web30s.vn/css/divbox.css]
[cdn.web30s.vn/css/bxslider.css]
[cdn.web30s.vn/js/divbox.js]
[demonhahang1.web30s.vn/js/me.php]
[cdn.web30s.vn/js/jquery.easing.1.3.js]
[cdn.web30s.vn/js/swfobject.js]
[cdn.web30s.vn/js/jquery.bxslider.min.js]
[cdn.web30s.vn/js/md5.js]
[cdn.web30s.vn/js/jquery.mCustomScrollbar.concat.min.js]
[cdn.web30s.vn/css/font-awesome-4.6.3/css/font-awesome.min.css]
[demonhahang1.web30s.vn/templates/300-up-86/js/jquery.carouFredSel-6.1.0-packed.js]
[demonhahang1.web30s.vn/templates/300-up-86/js/tms-0.4.1.js]
[cdn.web30s.vn/datafiles/4290/upload/images/14774645692679_logo.png]
[demonhahang1.web30s.vn/templates/300-up-86/menu_mb/modernizr.custom.js]
[demonhahang1.web30s.vn/templates/300-up-86/menu_mb/jquery.dlmenu.js]
[cdn.web30s.vn/datafiles/4290/upload/images/14774695931992_0134117980526990_1600x600.jpg]
[cdn.web30s.vn/datafiles/4290/upload/images/14774699555197_l_706792014_banner2_1600x600.jpg]
[cdn.web30s.vn/datafiles/4290/upload/images/14774696314434_phong-vip.jpg]
[cdn.web30s.vn/datafiles/4290/upload/thumb_images/14774670213947_05f437f620b5c0540d3aa4ab528aa9b0.jpg]
[cdn.web30s.vn/datafiles/4290/upload/thumb_images/14774659941984_c4b1f0256b8c8b8455f9e4c51f1af254.jpg]
[cdn.web30s.vn/datafiles/4290/upload/thumb_images/14774658936761_Ngheu-hap-kieu-Phap.jpg]
[cdn.web30s.vn/datafiles/4290/upload/thumb_images/14774657997745_cac-quan-ga-han-quoc-dang-lam-mua-lam-gio-o-ha-noi-1.jpg]
[cdn.web30s.vn/datafiles/4290/upload/thumb_images/14774657333668_1.jpg]
[cdn.web30s.vn/datafiles/4290/upload/thumb_images/14774656489640_lau-vit-ha-noi.jpg]
[cdn.web30s.vn/datafiles/4290/upload/thumb_images/14774655888687_dia-chi-quan-lau-cua-ngon-o-quan-2-lau-cua-akha.jpg]
[cdn.web30s.vn/datafiles/4290/upload/thumb_images/14774655156541_hoasonquan_su_kien_thien_than_4.jpg]
[demonhahang1.web30s.vn/templates/300-up-86/images/move-top.png]
[demonhahang1.web30s.vn/index.html]
[connect.facebook.net/vi_VN/sdk/xfbml.customerchat.js]
[cdn.web30s.vn/images/mCSB_buttons.png]
[cdn.web30s.vn/css/jquery.mCustomScrollbar.css]
[demonhahang1.web30s.vn/css/google/Product_Sans_Regular.eot]
[demonhahang1.web30s.vn/css/google/Product_Sans_Regulard41d.eot]
[demonhahang1.web30s.vn/css/google/Product_Sans_Regular.woff]
[demonhahang1.web30s.vn/css/google/Product_Sans_Regular.ttf]
[demonhahang1.web30s.vn/css/google/Product_Sans_Italic.eot]
[demonhahang1.web30s.vn/css/google/Product_Sans_Italicd41d.eot]
[demonhahang1.web30s.vn/css/google/Product_Sans_Italic.woff]
[demonhahang1.web30s.vn/css/google/Product_Sans_Italic.ttf]
[demonhahang1.web30s.vn/css/google/Product_Sans_SemiBold.eot]
[demonhahang1.web30s.vn/css/google/Product_Sans_SemiBoldd41d.eot]
[demonhahang1.web30s.vn/css/google/Product_Sans_SemiBold.woff]
[demonhahang1.web30s.vn/css/google/Product_Sans_SemiBold.ttf]
[demonhahang1.web30s.vn/css/google/Product_Sans_SemiBoldItalic.eot]
[demonhahang1.web30s.vn/css/google/Product_Sans_SemiBoldItalicd41d.eot]
[demonhahang1.web30s.vn/css/google/Product_Sans_SemiBoldItalic.woff]
[demonhahang1.web30s.vn/css/google/Baomoi-SemiBoldItalic_gdi.ttf]
[demonhahang1.web30s.vn/images/dot.jpg]
[demonhahang1.web30s.vn/images/box_bot_left.jpg]
[demonhahang1.web30s.vn/images/box_bot_right.jpg]
[demonhahang1.web30s.vn/images/box_top_left.jpg]
[demonhahang1.web30s.vn/images/box_top_right.jpg]
[demonhahang1.web30s.vn/images/bg_dep_vang.jpg]
[demonhahang1.web30s.vn/images/quick.png]
[demonhahang1.web30s.vn/images/shopping_cart.png]
[demonhahang1.web30s.vn/images/bg_dep.jpg]
[demonhahang1.web30s.vn/images/arrow7.gif]
[demonhahang1.web30s.vn/images/loading.gif]
[demonhahang1.web30s.vn/images/block-filter-arrow.png]
[demonhahang1.web30s.vn/images/loading/loading4.gif]
[demonhahang1.web30s.vn/images/new/contact/c_name.png]
[demonhahang1.web30s.vn/images/new/contact/c_phone.png]
[demonhahang1.web30s.vn/images/new/contact/c_mail.png]
[demonhahang1.web30s.vn/images/new/contact/c_local.png]
[demonhahang1.web30s.vn/images/new/contact/c_subject.png]
[demonhahang1.web30s.vn/images/new/contact/c_mess.png]
[demonhahang1.web30s.vn/images/new/contact/c_code.png]
[demonhahang1.web30s.vn/images/sprite.png]
[demonhahang1.web30s.vn/images/selectme.png]
[demonhahang1.web30s.vn/css/global7d5c.css]
[cdn.web30s.vn/images/loader.gif]
[cdn.web30s.vn/images/close.png]
[cdn.web30s.vn/images/left.png]
[cdn.web30s.vn/images/leftDisabled.png]
[cdn.web30s.vn/images/right.png]
[cdn.web30s.vn/images/rightDisabled.png]
[cdn.web30s.vn/css/divbox.css]
[cdn.web30s.vn/images/bx_loader.gif]
[cdn.web30s.vn/css/bxslider.css]
[cdn.web30s.vn/images/controls.png]
[cdn.web30s.vn/css/font-awesome-4.6.3/css/font-awesome.min.css]
[demonhahang1.web30s.vn/templates/300-up-86/images/pagination.png]
[demonhahang1.web30s.vn/templates/300-up-86/images/marker.png]
[demonhahang1.web30s.vn/templates/300-up-86/images/spacer.png]
[demonhahang1.web30s.vn/templates/300-up-86/images/hor_separator.png]
[demonhahang1.web30s.vn/templates/300-up-86/images/prevnext.png]
[demonhahang1.web30s.vn/templates/300-up-86/images/socials.png]
[demonhahang1.web30s.vn/templates/300-up-86/menu_mb/fonts/icomoon.eot]
[demonhahang1.web30s.vn/templates/300-up-86/menu_mb/fonts/icomoond41d.eot]
[demonhahang1.web30s.vn/templates/300-up-86/menu_mb/fonts/icomoon.woff]
[demonhahang1.web30s.vn/templates/300-up-86/menu_mb/fonts/icomoon.ttf]
[demonhahang1.web30s.vn/templates/300-up-86/css/customize.css]
[demonhahang1.web30s.vn/images/icons/award_star_bronze_2.png]
[demonhahang1.web30s.vn/images/icons/award_star_bronze_3.png]
[demonhahang1.web30s.vn/images/icons/award_star_gold_2.png]
[demonhahang1.web30s.vn/images/icons/award_star_add.png]
[demonhahang1.web30s.vn/Gioi-thieu-339804.html]
[cdn.web30s.vn/datafiles/4290/upload/thumb_files/76526496_sophies-cocktail-600x339.jpg]
[cdn.web30s.vn/datafiles/4290/upload/thumb_files/5a5b15051ca24abeaec87168a9427ee9.jpg]
[cdn.web30s.vn/datafiles/4290/upload/thumb_images/14774654417107_dmq1422101568.jpg]
[cdn.web30s.vn/datafiles/4290/upload/thumb_images/14774653805964_salatduachuotcachua500.jpg]
[cdn.web30s.vn/datafiles/4290/upload/thumb_images/14774652182760_99744-slide-_9.jpg]
[cdn.web30s.vn/datafiles/4290/upload/thumb_images/14774650686439_ca-bong-mu-hap-xi-dau.jpg]
[demonhahang1.web30s.vn/Thuc-don.html]
[cdn.web30s.vn/datafiles/4290/upload/thumb_images/14774649481895_cu-cai-cuon-tom-thit.jpg]
[demonhahang1.web30s.vn/Khai-vi-339781.html]
[demonhahang1.web30s.vn/Alacarte-339782.html]
[demonhahang1.web30s.vn/The-gioi-lau-339784.html]
[demonhahang1.web30s.vn/datafiles/4290/upload/files/76526496_sophies-cocktail-600x339.jpg]
[demonhahang1.web30s.vn/datafiles/4290/upload/files/50922594_1-(11).jpg]
[demonhahang1.web30s.vn/images/love_icon.png]
[demonhahang1.web30s.vn/images/needle_icon.png]
[demonhahang1.web30s.vn/js/jquery.simple-gallery.min.js]
[demonhahang1.web30s.vn/js/jquery.simple-lens.min.js]
[cdn.web30s.vn/datafiles/4290/upload/files/76526496_sophies-cocktail-600x339.jpg]
[cdn.web30s.vn/datafiles/4290/upload/files/50922594_1-(11).jpg]
[cdn.web30s.vn/datafiles/4290/upload/thumb_files/50922594_1-(11).jpg]
[cdn.web30s.vn/datafiles/4290/upload/files/dattiecuytin_com-bi-quyet-to-chuc-bua-tiec-cocktail-1200x565.jpg]
[cdn.web30s.vn/datafiles/4290/upload/thumb_files/dattiecuytin_com-bi-quyet-to-chuc-bua-tiec-cocktail-1200x565.jpg]
[cdn.web30s.vn/datafiles/4290/upload/files/tiệc-buffet1-1.jpg]
[cdn.web30s.vn/datafiles/4290/upload/thumb_files/tiệc-buffet1-1.jpg]
[sp.zalo.me/plugins/sdk.html]
[connect.facebook.net/vi_VN/sdk.js]
[demonhahang1.web30s.vn/datafiles/4290/upload/files/tiệc-buffet1-1.jpg]
[demonhahang1.web30s.vn/tiec-cocktail.html]
[demonhahang1.web30s.vn/datafiles/4290/upload/files/dattiecuytin_com-bi-quyet-to-chuc-bua-tiec-cocktail-1200x565.jpg]
[cdn.web30s.vn/datafiles/4290/upload/thumb_images/14774667765316_20151125-mon-banh-ngot-wagashi-sieu-dep-khong-no-an-o-ha-noi-5.jpg]
[platform.twitter.com/widgets.js]
[cdn.web30s.vn/datafiles/4290/upload/thumb_images/14774666819861_isushi_7.jpg]
[cdn.web30s.vn/datafiles/4290/upload/thumb_images/14774665281492_kissho4.jpg]
[cdn.web30s.vn/datafiles/4290/upload/thumb_images/14774664194272_image005-4112-1451103610.jpg]
[cdn.web30s.vn/datafiles/4290/upload/thumb_images/14774663338016_117142_Slide_1.jpg]
[cdn.web30s.vn/datafiles/4290/upload/thumb_images/14774661409130_trai-nghiem-su-pha-tron-cua-van-hoa-am-thuc-nhat-y-upbeat-10-500.jpg]
[demonhahang1.web30s.vn/Tin-tuc.html]
[demonhahang1.web30s.vn/datafiles/4290/upload/files/50922594_1-(2).png]
[demonhahang1.web30s.vn/datafiles/4290/upload/files/album/01(18).jpg]
[demonhahang1.web30s.vn/datafiles/4290/upload/files/ablum/mau-sac-trang-tri-tiec-cuoi-nen-lua-chon-nam-nay.png]
[demonhahang1.web30s.vn/thu-vien-anh.html]
[demonhahang1.web30s.vn/video.html]
[demonhahang1.web30s.vn/Tuyen-dung-339808.html]
[demonhahang1.web30s.vn/js/pamap_loaderdc8c.js]
[demonhahang1.web30s.vn/Lien-he-339806.html]
[demonhahang1.web30s.vn/nghe-thuat-am-thuc-nhat-trong-banh-ngot-wagashi.html]
[demonhahang1.web30s.vn/sushi-nghe-thuat-am-thuc-dac-sac-nhat-ban.html]
[demonhahang1.web30s.vn/ruou-sake-truyen-thong-cua-nhat-ban.html]
[demonhahang1.web30s.vn/tong-quan-ve-am-thuc-nhat-ban-tinh-te-va-hai-hoa.html]
[demonhahang1.web30s.vn/10-mon-an-ngon-noi-tieng-o-nhat-ban-nen-an-khi-du-lich.html]
[demonhahang1.web30s.vn/van-hoa-am-thuc-cua-dat-nuoc-nhat-ban.html]
[demonhahang1.web30s.vn/datafiles/1/26-10-2016/14774659941984_c4b1f0256b8c8b8455f9e4c51f1af254.jpg]
[cdn.web30s.vn/datafiles/4290/upload/images/14774659941984_c4b1f0256b8c8b8455f9e4c51f1af254.jpg]
[demonhahang1.web30s.vn/datafiles/4290/upload/images/14774659941984_c4b1f0256b8c8b8455f9e4c51f1af254.jpg]
[demonhahang1.web30s.vn/Bo-cuon-thit-hun-khoi-va-foma-nuong-339796.html]
[demonhahang1.web30s.vn/datafiles/1/26-10-2016/14774658936761_Ngheu-hap-kieu-Phap.jpg]
[cdn.web30s.vn/datafiles/4290/upload/images/14774658936761_Ngheu-hap-kieu-Phap.jpg]
[demonhahang1.web30s.vn/datafiles/4290/upload/images/14774658936761_Ngheu-hap-kieu-Phap.jpg]
[demonhahang1.web30s.vn/Ngao-hap-kieu-Thai-339795.html]
[demonhahang1.web30s.vn/datafiles/1/26-10-2016/14774657997745_cac-quan-ga-han-quoc-dang-lam-mua-lam-gio-o-ha-noi-1.jpg]
[cdn.web30s.vn/datafiles/4290/upload/images/14774657997745_cac-quan-ga-han-quoc-dang-lam-mua-lam-gio-o-ha-noi-1.jpg]
[demonhahang1.web30s.vn/datafiles/4290/upload/images/14774657997745_cac-quan-ga-han-quoc-dang-lam-mua-lam-gio-o-ha-noi-1.jpg]
[demonhahang1.web30s.vn/Ga-nuong-mat-ong-339794.html]
[demonhahang1.web30s.vn/datafiles/1/26-10-2016/14774657333668_1.jpg]
[cdn.web30s.vn/datafiles/4290/upload/images/14774657333668_1.jpg]
[demonhahang1.web30s.vn/datafiles/4290/upload/images/14774657333668_1.jpg]
[demonhahang1.web30s.vn/Tom-su-nuong-moi-339793.html]
[demonhahang1.web30s.vn/datafiles/1/26-10-2016/14774656489640_lau-vit-ha-noi.jpg]
[cdn.web30s.vn/datafiles/4290/upload/images/14774656489640_lau-vit-ha-noi.jpg]
[demonhahang1.web30s.vn/Lau-bo-cuon-nam-kim-cham-339792.html]
[demonhahang1.web30s.vn/datafiles/4290/upload/images/14774656489640_lau-vit-ha-noi.jpg]
[demonhahang1.web30s.vn/datafiles/1/26-10-2016/14774655888687_dia-chi-quan-lau-cua-ngon-o-quan-2-lau-cua-akha.jpg]
[cdn.web30s.vn/datafiles/4290/upload/images/14774655888687_dia-chi-quan-lau-cua-ngon-o-quan-2-lau-cua-akha.jpg]
[demonhahang1.web30s.vn/datafiles/4290/upload/images/14774655888687_dia-chi-quan-lau-cua-ngon-o-quan-2-lau-cua-akha.jpg]
[demonhahang1.web30s.vn/Lau-Thai-Hai-San-339791.html]
[demonhahang1.web30s.vn/datafiles/1/26-10-2016/14774655156541_hoasonquan_su_kien_thien_than_4.jpg]
[cdn.web30s.vn/datafiles/4290/upload/images/14774655156541_hoasonquan_su_kien_thien_than_4.jpg]
[demonhahang1.web30s.vn/datafiles/4290/upload/images/14774655156541_hoasonquan_su_kien_thien_than_4.jpg]
[demonhahang1.web30s.vn/Lau-Cuu-Mong-Co-339790.html]
[demonhahang1.web30s.vn/Dich-vu-339805.html]
[demonhahang1.web30s.vn/contact/index.html]
[connect.facebook.net/vi_VN/sdk/xfbml.customerchat.js]
[demonhahang1.web30s.vn/images/livechat/basic-icon-x.html]
[demonhahang1.web30s.vn/images/icon-check-pink.html]
[demonhahang1.web30s.vn/images/icon-mail.html]
[demonhahang1.web30s.vn/images/icon-share.html]
[demonhahang1.web30s.vn/images/title-line.html]
[demonhahang1.web30s.vn/images/pro_slide_prev.html]
[demonhahang1.web30s.vn/images/pro_slide_next.html]
[demonhahang1.web30s.vn/images/new/bgcomment.html]
[demonhahang1.web30s.vn/templates/300-up-86/menu_mb/fonts/icomoon.svg]
[i1055.photobucket.com/albums/s510/nguyenhaihung1010/09c2239f.html]
[i1055.photobucket.com/albums/s510/nguyenhaihung1010/5e525282.html]
[demonhahang1.web30s.vn/2673341.html]
[demonhahang1.web30s.vn/2673340.html]
[demonhahang1.web30s.vn/datafiles/4290/upload/files/5a5b15051ca24abeaec87168a9427ee9.jpg]
[cdn.web30s.vn/datafiles/4290/upload/files/5a5b15051ca24abeaec87168a9427ee9.jpg]
[demonhahang1.web30s.vn/lau-bo-kim-chi.html]
[demonhahang1.web30s.vn/2371669.html]
[demonhahang1.web30s.vn/2371668.html]
[demonhahang1.web30s.vn/2371667.html]
[demonhahang1.web30s.vn/2371666.html]
[demonhahang1.web30s.vn/2371665.html]
[demonhahang1.web30s.vn/2371664.html]
[demonhahang1.web30s.vn/2371663.html]
[demonhahang1.web30s.vn/2371662.html]
[demonhahang1.web30s.vn/datafiles/1/26-10-2016/14774654417107_dmq1422101568.jpg]
[cdn.web30s.vn/datafiles/4290/upload/images/14774654417107_dmq1422101568.jpg]
[demonhahang1.web30s.vn/Ngo-chien-bo-339789.html]
[demonhahang1.web30s.vn/datafiles/4290/upload/images/14774654417107_dmq1422101568.jpg]
[demonhahang1.web30s.vn/2371660.html]
[demonhahang1.web30s.vn/datafiles/1/26-10-2016/14774653805964_salatduachuotcachua500.jpg]
[cdn.web30s.vn/datafiles/4290/upload/images/14774653805964_salatduachuotcachua500.jpg]
[demonhahang1.web30s.vn/datafiles/4290/upload/images/14774653805964_salatduachuotcachua500.jpg]
[demonhahang1.web30s.vn/Salad-ca-chua-dua-chuot-339788.html]
[demonhahang1.web30s.vn/2371659.html]
[demonhahang1.web30s.vn/datafiles/1/26-10-2016/14774652182760_99744-slide-_9.jpg]
[cdn.web30s.vn/datafiles/4290/upload/images/14774652182760_99744-slide-_9.jpg]
[demonhahang1.web30s.vn/Suon-cuu-uop-toi-va-la-huong-thao-nuong-339787.html]
[demonhahang1.web30s.vn/datafiles/4290/upload/images/14774652182760_99744-slide-_9.jpg]
[demonhahang1.web30s.vn/2371658.html]
[demonhahang1.web30s.vn/datafiles/1/26-10-2016/14774650686439_ca-bong-mu-hap-xi-dau.jpg]
[cdn.web30s.vn/datafiles/4290/upload/images/14774650686439_ca-bong-mu-hap-xi-dau.jpg]
[demonhahang1.web30s.vn/datafiles/4290/upload/images/14774650686439_ca-bong-mu-hap-xi-dau.jpg]
[demonhahang1.web30s.vn/Ca-Song-hap-xi-dau-339786.html]
[demonhahang1.web30s.vn/2371656.html]
[demonhahang1.web30s.vn/datafiles/1/26-10-2016/14774649481895_cu-cai-cuon-tom-thit.jpg]
[cdn.web30s.vn/datafiles/4290/upload/images/14774649481895_cu-cai-cuon-tom-thit.jpg]
[demonhahang1.web30s.vn/datafiles/4290/upload/images/14774649481895_cu-cai-cuon-tom-thit.jpg]
[demonhahang1.web30s.vn/Nem-cuon-Tom-339785.html]
[demonhahang1.web30s.vn/http_/demonhahang1.web30s.vn/tiec-cocktail.html]
[demonhahang1.web30s.vn/css/jquery.simple-lens.css]
[demonhahang1.web30s.vn/css/jquery.simple-gallery.css]
[sp.zalo.me/plugins/sdk.html]
[connect.facebook.net/vi_VN/sdk.js]
[demonhahang1.web30s.vn/datafiles/4290/upload/thumb_files/50922594_1-(11).jpg]
[demonhahang1.web30s.vn/datafiles/4290/upload/thumb_files/76526496_sophies-cocktail-600x339.jpg]
[demonhahang1.web30s.vn/datafiles/4290/upload/thumb_files/cocktail-party-header.jpg]
[demonhahang1.web30s.vn/datafiles/4290/upload/thumb_files/cocktails-drinks.jpg]
[demonhahang1.web30s.vn/datafiles/4290/upload/thumb_files/dattiecuytin_com-bi-quyet-to-chuc-bua-tiec-cocktail-1200x565(1).jpg]
[demonhahang1.web30s.vn/datafiles/4290/upload/thumb_files/serenity-spanish-bar-restaurant-sangria.jpg]
[demonhahang1.web30s.vn/datafiles/4290/upload/thumb_files/tiệc-buffet1-1.jpg]
[demonhahang1.web30s.vn/datafiles/4290/upload/thumb_files/dattiecuytin_com-bi-quyet-to-chuc-bua-tiec-cocktail-1200x565.jpg]
[demonhahang1.web30s.vn/js/light-gallery/lightgallery-all.min.js]
[demonhahang1.web30s.vn/tiec-cocktail-1533201257.html]
[demonhahang1.web30s.vn/datafiles/4290/upload/thumb_files/album/01(18).jpg]
[demonhahang1.web30s.vn/datafiles/4290/upload/thumb_files/album/MG_4123.jpg]
[demonhahang1.web30s.vn/datafiles/4290/upload/thumb_files/album/phu-kien-trang-tri-sinh-nhat-babygirl1.jpg]
[demonhahang1.web30s.vn/datafiles/4290/upload/thumb_files/album/to-chuc-sinh-nhat-cho-be-tai-nha-hang-san-vuon-pergola.jpg]
[demonhahang1.web30s.vn/datafiles/4290/upload/thumb_files/album/to-chuc-sinh-nhat-cho-be-tiniworld-4.jpg]
[demonhahang1.web30s.vn/sinh-nhat-cua-be.html]
[demonhahang1.web30s.vn/datafiles/4290/upload/thumb_files/ablum/1_Zing.jpg]
[demonhahang1.web30s.vn/datafiles/4290/upload/thumb_files/ablum/Bi-quyet-chon-thuc-don-tiec-cuoi-ngon-khoa-hoc-3.jpg]
[demonhahang1.web30s.vn/datafiles/4290/upload/thumb_files/ablum/dat-tiec-tai-trung-tam-nha-hang-tiec-cuoi-quoc-thanh-1024x683.jpg]
[demonhahang1.web30s.vn/datafiles/4290/upload/thumb_files/ablum/Diamond-Place-696x353.jpg]
[demonhahang1.web30s.vn/datafiles/4290/upload/thumb_files/ablum/kinh-doanh-nha-hang-tiec-cuoi-la-gi.jpg]
[demonhahang1.web30s.vn/datafiles/4290/upload/thumb_files/ablum/mau-sac-trang-tri-tiec-cuoi-nen-lua-chon-nam-nay.jpg]
[demonhahang1.web30s.vn/datafiles/4290/upload/thumb_files/ablum/nau-an-tai-nha-51.jpg]
[demonhahang1.web30s.vn/datafiles/4290/upload/thumb_files/ablum/News-Xu-huong-trang-tri-tiec-cuoi-bang-hoa-vai-01.jpg]
[demonhahang1.web30s.vn/datafiles/4290/upload/thumb_files/ablum/NH8.jpg]
[demonhahang1.web30s.vn/tiec-cuoi.html]
[demonhahang1.web30s.vn/contact.html]
[demonhahang1.web30s.vn/ABCDEFGHIJKLMNOPQRSTUVWXYZabcdefghijklmnopqrstuvwxyz0123456789+/index.html]
[demonhahang1.web30s.vn/^([^_/indexd41d.html]
[demonhahang1.web30s.vn/GET.html]
[demonhahang1.web30s.vn/restserver.html]
[demonhahang1.web30s.vn/templates/300-up-86/images/banner_bg.png]
[demonhahang1.web30s.vn/http_.html]
[demonhahang1.web30s.vn/css/light-gallery/fonts/lgd641.eot]
[demonhahang1.web30s.vn/css/light-gallery/fonts/lgd41d.eot]
[demonhahang1.web30s.vn/css/light-gallery/fonts/lgd641.woff]
[demonhahang1.web30s.vn/css/light-gallery/fonts/lgd641.ttf]
[demonhahang1.web30s.vn/css/light-gallery/img/vimeo-play.png]
[demonhahang1.web30s.vn/css/light-gallery/img/video-play.png]
[demonhahang1.web30s.vn/css/light-gallery/img/youtube-play.png]
[demonhahang1.web30s.vn/css/light-gallery/img/loading.gif]
[demonhahang1.web30s.vn/css/light-gallery/view-album.png]
[demonhahang1.web30s.vn/css/light-gallery/lightgallery.min.css]
[demonhahang1.web30s.vn/ABCDEFGHIJKLMNOPQRSTUVWXYZabcdefghijklmnopqrstuvwxyz0123456789+.html]
[demonhahang1.web30s.vn/^([^_.html]
[demonhahang1.web30s.vn/css/light-gallery/fonts/lgd641.svg]
